tag       lowvol K      trades    win%       pnl$     ret%     DD%     PF
------------------------------------------------------------------------
NO_FILTER -      0.0       541    40.7     +762.8    76.77    9.69   1.37
DEFAULT   0.9    2.0       333    42.6     +574.3    57.85    8.80   1.42
SCAN      0.75   1.0       441    42.0     +731.3    73.62    8.08   1.42
SCAN      0.75   1.5       444    41.7     +711.1    71.59    8.08   1.40
SCAN      0.75   2.0       456    41.7     +707.3    71.21    8.38   1.39
SCAN      0.75   2.5       464    41.4     +726.0    73.08    8.39   1.40
SCAN      0.75   3.0       472    41.1     +717.7    72.25    8.48   1.39
SCAN      0.8    1.0       401    42.9     +599.5    60.36    8.85   1.38
SCAN      0.8    1.5       405    42.5     +573.5    57.76    9.15   1.35
SCAN      0.8    2.0       420    42.6     +681.0    68.52    9.52   1.41
SCAN      0.8    2.5       428    42.3     +698.8    70.30    9.54   1.42
SCAN      0.8    3.0       440    41.6     +666.3    67.04    9.72   1.39
SCAN      0.85   1.0       357    43.1     +559.2    56.34    9.57   1.39
SCAN      0.85   1.5       363    42.7     +527.8    53.19    9.93   1.36
SCAN      0.85   2.0       378    42.9     +637.2    64.14   10.25   1.42
SCAN      0.85   2.5       389    42.7     +688.7    69.28    9.35   1.45
SCAN      0.85   3.0       408    41.4     +654.8    65.90    9.50   1.40

基线参考: NO_FILTER=541笔/+763/+76.77%/DD9.69/PF1.37 ; DEFAULT=333/+57.85%/DD8.80/PF1.42
输出: D:\workbuddy\tushare\XAUUSD\xauusd策略\_sweep_lowvol_bracket.csv
