==============================================================================
对比画像: scalp  数据: xauusd_15m_utc.csv(全样本)  cash=1000 lev=1000 lot=0.01
==============================================================================
指标                   max=1 基线(非并发)        max=3 并发        max=5 并发
------------------------------------------------------------------------------
累计收益                       +82.99%        +248.97%        +414.95%
年化                         +22.43%         +51.97%         +73.12%
最大回撤                        11.31%          31.36%          48.59%
Sharpe                       0.546           0.568           0.574
ProfitFactor                 1.392           1.392           1.392
交易笔数                       511.000        1533.000        2555.000
胜率                         +49.90%         +49.90%         +49.90%
盈利笔数                       255.000         765.000        1275.000
亏损笔数                       256.000         768.000        1280.000
入场次数                       507.000        1521.000        2535.000
最大并发深度                       1.000           3.000           5.000
隔夜平笔数                       75.000         225.000         375.000
------------------------------------------------------------------------------
最终权益(起始1000.00): max=1:1829.89  max=3:3489.67  max=5:5149.46
备注: 并发模式=逐槽位冷却+每信号bar允许多空闲槽位同开(金字塔); 非并发=原全局冷却每根仅开1槽位
