Traceback (most recent call last):
  File "D:\workbuddy\tushare\XAUUSD\xauusd策略\diag_orders.py", line 54, in <module>
    res = cerebro.run(optreturn=False)
  File "C:\Users\18628\.workbuddy\binaries\python\envs\default\Lib\site-packages\backtrader\cerebro.py", line 1132, in run
    runstrat = self.runstrategies(iterstrat)
  File "C:\Users\18628\.workbuddy\binaries\python\envs\default\Lib\site-packages\backtrader\cerebro.py", line 1298, in runstrategies
    self._runonce(runstrats)
    ~~~~~~~~~~~~~^^^^^^^^^^^
  File "C:\Users\18628\.workbuddy\binaries\python\envs\default\Lib\site-packages\backtrader\cerebro.py", line 1700, in _runonce
    strat._oncepost(dt0)
    ~~~~~~~~~~~~~~~^^^^^
  File "C:\Users\18628\.workbuddy\binaries\python\envs\default\Lib\site-packages\backtrader\strategy.py", line 309, in _oncepost
    self.next()
    ~~~~~~~~~^^
  File "D:\workbuddy\tushare\XAUUSD\xauusd策略\diag_orders.py", line 21, in next
    super().next()
    ~~~~~~~~~~~~^^
  File "D:\workbuddy\tushare\XAUUSD\xauusd策略\box_channel_optimized.py", line 689, in next
    self._manual_close(pos, "eod")
    ~~~~~~~~~~~~~~~~~~^^^^^^^^^^^^
  File "D:\workbuddy\tushare\XAUUSD\xauusd策略\box_channel_optimized.py", line 484, in _manual_close
    pos["manual_order"] = self.close(size=self.p.lot)
                          ~~~~~~~~~~^^^^^^^^^^^^^^^^^
  File "D:\workbuddy\tushare\XAUUSD\xauusd策略\diag_orders.py", line 38, in close
    self.ev.append((self._bar, "CLOSE", o.ref, ORDT.get(o.ordtype,"?"), o.isbuy(), o.status, round(self.broker.getposition(self.data).size,4)))
                                        ^^^^^
AttributeError: 'NoneType' object has no attribute 'ref'
