####################################################################################################################
A 方案 · 整合对比(每槽位不同 entry_style, concurrent 逐槽位冷却)
####################################################################################################################

====================================================================================================================
[IS 训练段] 起点 ~ 2025-06-30
====================================================================================================================
配置                             收益        年化       回撤  Sharpe      PF  Calmar     笔数    深度
--------------------------------------------------------------------------------------------------------------------
box 基线(原策略)                -6.04%    -3.41%    9.33%  -1.187   0.911  -0.366    237     1
box+donchian                8.16%     4.47%   16.65%   0.185   1.036   0.268    905     2
box+ma_cross               15.35%     8.28%   11.58%   0.566   1.098   0.715    571     2
box+donch+ma_cross         29.55%    15.52%   22.24%   0.465   1.093   0.698   1239     3

====================================================================================================================
[OOS 样本外] 2025-07-01 ~ 终点
====================================================================================================================
配置                             收益        年化       回撤  Sharpe      PF  Calmar     笔数    深度
--------------------------------------------------------------------------------------------------------------------
box 基线(原策略)                89.02%    70.82%   10.70%   1.128   1.622   6.622    272     1
box+donchian              123.55%    96.71%   26.67%   1.232   1.275   3.626    783     2
box+ma_cross              107.42%    84.70%   30.74%   1.193   1.223   2.755    762     2
box+donch+ma_cross        141.95%   110.24%   38.35%   1.280   1.180   2.875   1273     3

====================================================================================================================
IS → OOS 一致性 + 相对 box 基线的增量
====================================================================================================================
配置                           IS收益      OOS收益   IS PF  OOS PF    OOS回撤 OOS Calmar   vs基线Calmar        判定
--------------------------------------------------------------------------------------------------------------------
box 基线(原策略)                -6.04%     89.02%   0.911   1.622   10.70%      6.622       +0.000        基准
box+donchian                8.16%    123.55%   1.036   1.275   26.67%      3.626       -2.995       未超越
box+ma_cross               15.35%    107.42%   1.098   1.223   30.74%      2.755       -3.866       未超越
box+donch+ma_cross         29.55%    141.95%   1.093   1.180   38.35%      2.875       -3.747       未超越

判定说明: 以 OOS Calmar(年化/最大回撤) 是否超越 box 基线为准, 且要求 OOS PF>1.0
