======================================================================
Stage 1: 支撑压力位模块 — 计算 / 验证 / 参数调节
======================================================================

[1h] bars=17645 水平数=692 (支撑343/压力349)
   有效水平(total>=3)=633  总体反弹率=0.522
   强水平(>=60)反弹率=0.55 (n=304) | 弱水平反弹率=0.492 (n=329)

[daily] bars=931 水平数=51 (支撑26/压力25)
   有效水平(total>=3)=24  总体反弹率=0.63
   强水平(>=60)反弹率=0.92 (n=5) | 弱水平反弹率=0.57 (n=19)

[monthly] bars=37 水平数=6 (支撑2/压力4)
   有效水平(total>=3)=0  总体反弹率=nan
   强水平(>=60)反弹率=nan (n=0) | 弱水平反弹率=nan (n=0)

----------------------------------------------------------------------
参数扫掠 (目标: 强水平反弹率最高且稳定; 月度样本过少不参与)
   sw=2 cluster_pct=0.001 -> 强水平平均反弹率=0.778
   sw=2 cluster_pct=0.0015 -> 强水平平均反弹率=0.731
   sw=2 cluster_pct=0.002 -> 强水平平均反弹率=0.74
   sw=3 cluster_pct=0.001 -> 强水平平均反弹率=0.772
   sw=3 cluster_pct=0.0015 -> 强水平平均反弹率=0.73
   sw=3 cluster_pct=0.002 -> 强水平平均反弹率=0.737
   sw=4 cluster_pct=0.001 -> 强水平平均反弹率=0.774
   sw=4 cluster_pct=0.0015 -> 强水平平均反弹率=0.732
   sw=4 cluster_pct=0.002 -> 强水平平均反弹率=0.728

★ 推荐参数: sw=2, cluster_pct=0.001 (平均强水平反弹率=0.778)

报告已存: D:\workbuddy\tushare\XAUUSD\xauusd策略\sr_stage1_report.json
