====================================================================================================
Stage 2: 支撑压力位模块 vs 原基线 (scalp 画像, IS/OOS)
====================================================================================================

##### 窗口 IS: 2024-03-01 ~ 2025-06-30 #####
baseline    2024-03-01~2025-06-30 | ret=  -6.52% ann=  -4.93% DD= 9.37% PF=0.90 Sharpe=-19.29 trades= 203 win= 43.3% calmar= -0.53 ret/DD=-0.7
sr_1h       2024-03-01~2025-06-30 | ret=  -2.06% ann=  -1.55% DD= 8.75% PF=0.92 Sharpe=-0.77 trades=  87 win= 47.1% calmar= -0.18 ret/DD=-0.2
sr_daily    2024-03-01~2025-06-30 | ret=  +0.38% ann=  +0.29% DD= 0.65% PF=1.90 Sharpe=-4.23 trades=   5 win= 80.0% calmar=  0.44 ret/DD=0.6
sr_monthly  2024-03-01~2025-06-30 | ret=  +0.00% ann=  +0.00% DD= 0.00% PF= inf Sharpe=  nan trades=   0 win=  0.0% calmar=   inf ret/DD=inf
sr_combined 2024-03-01~2025-06-30 | ret=  -2.07% ann=  -1.56% DD= 8.76% PF=0.92 Sharpe=-0.77 trades=  89 win= 47.2% calmar= -0.18 ret/DD=-0.2

##### 窗口 OOS: 2025-07-01 ~ 2026-08-31 #####
baseline    2025-07-01~2026-08-31 | ret= +85.71% ann= +69.95% DD=10.70% PF=1.63 Sharpe= 1.13 trades= 260 win= 54.6% calmar=  6.54 ret/DD=8.0
sr_1h       2025-07-01~2026-08-31 | ret=  +2.52% ann=  +2.16% DD=20.66% PF=1.02 Sharpe= 0.10 trades= 178 win= 46.1% calmar=  0.10 ret/DD=0.1
sr_daily    2025-07-01~2026-08-31 | ret=  +1.92% ann=  +1.64% DD= 3.97% PF=1.58 Sharpe=-0.04 trades=   8 win= 62.5% calmar=  0.41 ret/DD=0.5
sr_monthly  2025-07-01~2026-08-31 | ret=  +1.09% ann=  +0.94% DD= 3.21% PF=1.35 Sharpe=-0.83 trades=   5 win= 40.0% calmar=  0.29 ret/DD=0.3
sr_combined 2025-07-01~2026-08-31 | ret=  +3.56% ann=  +3.04% DD=20.51% PF=1.03 Sharpe= 0.30 trades= 180 win= 46.7% calmar=  0.15 ret/DD=0.2

====================================================================================================
汇总 (OOS 决策依据):
====================================================================================================
基线 OOS: ret=+85.71% PF=1.63 DD=10.70% calmar=6.54 trades=260
----------------------------------------------------------------------------------------------------
sr_1h      : ret=+2.52% PF=1.02 DD=20.66% calmar=0.10 trades=178 -> ❌ 未全面优于基线(保持原样)
sr_daily   : ret=+1.92% PF=1.58 DD=3.97% calmar=0.41 trades=8 -> ❌ 未全面优于基线(保持原样)
sr_monthly : ret=+1.09% PF=1.35 DD=3.21% calmar=0.29 trades=5 -> ❌ 未全面优于基线(保持原样)
sr_combined: ret=+3.56% PF=1.03 DD=20.51% calmar=0.15 trades=180 -> ❌ 未全面优于基线(保持原样)
