================================================================================================
错峰冷却扫描(scalp 全样本, $1000/lev1000/lot0.01)  X = slot k 比 slot k-1 晚几根bar才能开
================================================================================================
[完成] max=1基线    收益  +82.99%  回撤 11.31%  深度1  笔数511
[完成] 并发X=0      收益 +414.95%  回撤 48.59%  深度5  笔数2555
[完成] 错峰X=1      收益  +87.13%  回撤 11.58%  深度3  笔数614
[完成] 错峰X=2      收益  +88.35%  回撤 12.17%  深度3  笔数605
[完成] 错峰X=4      收益  +86.45%  回撤 11.58%  深度3  笔数565
[完成] 错峰X=8      收益  +82.14%  回撤 11.25%  深度2  笔数527

指标                     max=1基线         并发X=0         错峰X=1         错峰X=2         错峰X=4         错峰X=8
------------------------------------------------------------------------------------------------
累计收益                   +82.99%      +414.95%       +87.13%       +88.35%       +86.45%       +82.14%
年化                     +22.43%       +73.12%       +23.35%       +23.62%       +23.20%       +22.24%
最大回撤                    11.31%        48.59%        11.58%        12.17%        11.58%        11.25%
Sharpe                   0.546         0.574         0.559         0.563         0.557         0.551
ProfitFactor             1.392         1.392         1.342         1.353         1.372         1.375
Calmar(年化/DD)            1.982         1.505         2.016         1.940         2.004         1.977
交易笔数                       511          2555           614           605           565           527
胜率                     +49.90%       +49.90%       +50.00%       +50.08%       +50.09%       +49.91%
入场次数                       507          2535           609           600           560           523
最大并发深度                   1.000         5.000         3.000         3.000         3.000         2.000
隔夜平笔数                       75           375            84            83            80            76
------------------------------------------------------------------------------------------------
最终权益(起始1000.00): max=1基线:1829.89  并发X=0:5149.46  错峰X=1:1871.35  错峰X=2:1883.49  错峰X=4:1864.53  错峰X=8:1821.41
备注: X=0 为同bar全开(纯金字塔复制); X 越大开仓越错开, 趋于基线
