##############################################################################################################
PHASE 1 · IS 训练段(起点 ~ 2025-06-30) 结构变体扫描
##############################################################################################################
style     变体                        收益       回撤  Sharpe      PF     笔数      胜率
--------------------------------------------------------------------------------------------------------------
ma_cross  mc_base               -6.40%   26.53%  -0.378   0.981   1450   46.2%
ma_cross  mc_通道同向               21.38%    7.92%   0.792   1.242    334   50.9%
ma_cross  mc_冷却20              -12.13%   30.35%  -1.301   0.954   1169   46.2%
ma_cross  mc_同向+冷却20            -0.58%   11.23%  -3.680   0.992    275   48.7%
boll      bl_全通道                -1.30%    2.46%  -1.564   0.819     36   52.8%
boll      bl_全通道_dev1.5        -10.34%   10.35%  -4.988   0.740    181   46.4%
boll      bl_全通道_dev2.5         -0.31%    0.31%  -7.570   0.000      1    0.0%
donchian  dc_base                3.96%   20.89%   0.076   1.011   1537   47.7%
donchian  dc_周期40                9.60%   25.63%   0.196   1.035   1156   46.9%
donchian  dc_周期80               14.20%   15.93%   0.320   1.088    668   48.2%
donchian  dc_收盘确认               13.38%   24.11%   0.241   1.051   1099   47.5%
donchian  dc_40+收盘确认             5.23%   21.44%   0.120   1.028    782   46.4%

##############################################################################################################
PHASE 2 · 各 style 的 IS 最优变体 → OOS 验证(2025-07-01 ~ 终点)
##############################################################################################################
style     选中变体                    IS收益   IS PF     OOS收益    OOS回撤  OOS PF   OOS笔数          判定
--------------------------------------------------------------------------------------------------------------
ma_cross  mc_通道同向               21.38%   1.242    18.40%   29.75%   1.054     490         不达标
boll      bl_全通道                -1.30%   0.819    -1.28%    6.39%   0.870      15         不达标
donchian  dc_周期80               14.20%   1.088    34.54%   26.68%   1.113     511         不达标

参考: box 基线 IS -6.04%/PF0.911/DD9.33%; OOS +89.02%/PF1.622/DD10.70%
达标门槛: OOS 收益>0 且 PF>1.0 且 回撤<25%
